*** EVALUATION ***
PROGRAM "Robocup_SSL.abs"

*********************************************************************************************
TARGET SECTION
---------------------------------------------------------------------------------------------
Processor   : Freescale HC08
Memory Model: SMALL
File Format : ELF\DWARF 2.0
Linker      : SmartLinker V-5.0.53 Build 17146, May 27 2017

*********************************************************************************************
FILE SECTION
---------------------------------------------------------------------------------------------
MPU6050_c.obj                           Model: SMALL,         Lang: ANSI-C,        Compiler Version: ANSI-C/cC++ Compiler for HC08 V-5.0.46 Build 17146, May 27 2017
Spi_c.obj                               Model: SMALL,         Lang: ANSI-C,        Compiler Version: ANSI-C/cC++ Compiler for HC08 V-5.0.46 Build 17146, May 27 2017
Uart_c.obj                              Model: SMALL,         Lang: ANSI-C,        Compiler Version: ANSI-C/cC++ Compiler for HC08 V-5.0.46 Build 17146, May 27 2017
main_c.obj                              Model: SMALL,         Lang: ANSI-C,        Compiler Version: ANSI-C/cC++ Compiler for HC08 V-5.0.46 Build 17146, May 27 2017
start08_c.obj                           Model: SMALL,         Lang: ANSI-C,        Compiler Version: ANSI-C/cC++ Compiler for HC08 V-5.0.46 Build 17146, May 27 2017
CI2C1_c.obj                             Model: SMALL,         Lang: ANSI-C,        Compiler Version: ANSI-C/cC++ Compiler for HC08 V-5.0.46 Build 17146, May 27 2017
Cpu_c.obj                               Model: SMALL,         Lang: ANSI-C,        Compiler Version: ANSI-C/cC++ Compiler for HC08 V-5.0.46 Build 17146, May 27 2017
IO_Map_c.obj                            Model: SMALL,         Lang: ANSI-C,        Compiler Version: ANSI-C/cC++ Compiler for HC08 V-5.0.46 Build 17146, May 27 2017
Vectors_c.obj                           Model: SMALL,         Lang: ANSI-C,        Compiler Version: ANSI-C/cC++ Compiler for HC08 V-5.0.46 Build 17146, May 27 2017
rtshc08.o (ansifs.lib)                  Model: SMALL,         Lang: ANSI-C,        Compiler Version: ANSI-C/cC++ Compiler for HC08 V-5.0.46 Build 17146, May 27 2017

*********************************************************************************************
STARTUP SECTION
---------------------------------------------------------------------------------------------
Entry point: 0xC004 (_EntryPoint)
_startupData is allocated at 0xC09A and uses 6 Bytes
extern struct _tagStartup {
  unsigned nofZeroOut     1
  _Range   pZeroOut       0xA0     50
  _Copy    *toCopyDownBeg 0xCF10
} _startupData;

*********************************************************************************************
SECTION-ALLOCATION SECTION
Section Name                    Size  Type     From       To       Segment
---------------------------------------------------------------------------------------------
.text                           3679     R     0xC0A8     0xCF06   ROM
.rodata1                           9     R     0xCF07     0xCF0F   ROM
.abs_section_ffbd                  1     R     0xFFBD     0xFFBD   .absSeg0
.abs_section_ffbf                  1     R     0xFFBF     0xFFBF   .absSeg1
.abs_section_0                     1   N/I        0x0        0x0   .absSeg2
.abs_section_1                     1   N/I        0x1        0x1   .absSeg3
.abs_section_2                     1   N/I        0x2        0x2   .absSeg4
.abs_section_3                     1   N/I        0x3        0x3   .absSeg5
.abs_section_4                     1   N/I        0x4        0x4   .absSeg6
.abs_section_5                     1   N/I        0x5        0x5   .absSeg7
.abs_section_6                     1   N/I        0x6        0x6   .absSeg8
.abs_section_7                     1   N/I        0x7        0x7   .absSeg9
.abs_section_8                     1   N/I        0x8        0x8   .absSeg10
.abs_section_9                     1   N/I        0x9        0x9   .absSeg11
.abs_section_c                     1   N/I        0xC        0xC   .absSeg12
.abs_section_d                     1   N/I        0xD        0xD   .absSeg13
.abs_section_e                     1   N/I        0xE        0xE   .absSeg14
.abs_section_f                     1   N/I        0xF        0xF   .absSeg15
.abs_section_10                    1   N/I       0x10       0x10   .absSeg16
.abs_section_11                    1   N/I       0x11       0x11   .absSeg17
.abs_section_16                    1   N/I       0x16       0x16   .absSeg18
.abs_section_17                    1   N/I       0x17       0x17   .absSeg19
.abs_section_18                    1   N/I       0x18       0x18   .absSeg20
.abs_section_1a                    1   N/I       0x1A       0x1A   .absSeg21
.abs_section_1b                    1   N/I       0x1B       0x1B   .absSeg22
.abs_section_22                    1   N/I       0x22       0x22   .absSeg23
.abs_section_23                    1   N/I       0x23       0x23   .absSeg24
.abs_section_24                    1   N/I       0x24       0x24   .absSeg25
.abs_section_25                    1   N/I       0x25       0x25   .absSeg26
.abs_section_26                    1   N/I       0x26       0x26   .absSeg27
.abs_section_27                    1   N/I       0x27       0x27   .absSeg28
.abs_section_28                    1   N/I       0x28       0x28   .absSeg29
.abs_section_29                    1   N/I       0x29       0x29   .absSeg30
.abs_section_2a                    1   N/I       0x2A       0x2A   .absSeg31
.abs_section_2b                    1   N/I       0x2B       0x2B   .absSeg32
.abs_section_2d                    1   N/I       0x2D       0x2D   .absSeg33
.abs_section_30                    1   N/I       0x30       0x30   .absSeg34
.abs_section_31                    1   N/I       0x31       0x31   .absSeg35
.abs_section_32                    1   N/I       0x32       0x32   .absSeg36
.abs_section_33                    1   N/I       0x33       0x33   .absSeg37
.abs_section_34                    1   N/I       0x34       0x34   .absSeg38
.abs_section_35                    1   N/I       0x35       0x35   .absSeg39
.abs_section_38                    1   N/I       0x38       0x38   .absSeg40
.abs_section_39                    1   N/I       0x39       0x39   .absSeg41
.abs_section_3a                    1   N/I       0x3A       0x3A   .absSeg42
.abs_section_3b                    1   N/I       0x3B       0x3B   .absSeg43
.abs_section_3c                    1   N/I       0x3C       0x3C   .absSeg44
.abs_section_3d                    1   N/I       0x3D       0x3D   .absSeg45
.abs_section_3e                    1   N/I       0x3E       0x3E   .absSeg46
.abs_section_40                    1   N/I       0x40       0x40   .absSeg47
.abs_section_45                    1   N/I       0x45       0x45   .absSeg48
.abs_section_48                    1   N/I       0x48       0x48   .absSeg49
.abs_section_4b                    1   N/I       0x4B       0x4B   .absSeg50
.abs_section_50                    1   N/I       0x50       0x50   .absSeg51
.abs_section_55                    1   N/I       0x55       0x55   .absSeg52
.abs_section_58                    1   N/I       0x58       0x58   .absSeg53
.abs_section_5b                    1   N/I       0x5B       0x5B   .absSeg54
.abs_section_60                    1   N/I       0x60       0x60   .absSeg55
.abs_section_65                    1   N/I       0x65       0x65   .absSeg56
.abs_section_68                    1   N/I       0x68       0x68   .absSeg57
.abs_section_6b                    1   N/I       0x6B       0x6B   .absSeg58
.abs_section_6e                    1   N/I       0x6E       0x6E   .absSeg59
.abs_section_71                    1   N/I       0x71       0x71   .absSeg60
.abs_section_74                    1   N/I       0x74       0x74   .absSeg61
.abs_section_1800                  1   N/I     0x1800     0x1800   .absSeg62
.abs_section_1801                  1   N/I     0x1801     0x1801   .absSeg63
.abs_section_1802                  1   N/I     0x1802     0x1802   .absSeg64
.abs_section_1803                  1   N/I     0x1803     0x1803   .absSeg65
.abs_section_1808                  1   N/I     0x1808     0x1808   .absSeg66
.abs_section_1809                  1   N/I     0x1809     0x1809   .absSeg67
.abs_section_180b                  1   N/I     0x180B     0x180B   .absSeg68
.abs_section_180e                  1   N/I     0x180E     0x180E   .absSeg69
.abs_section_180f                  1   N/I     0x180F     0x180F   .absSeg70
.abs_section_1818                  1   N/I     0x1818     0x1818   .absSeg71
.abs_section_1819                  1   N/I     0x1819     0x1819   .absSeg72
.abs_section_181a                  1   N/I     0x181A     0x181A   .absSeg73
.abs_section_181c                  1   N/I     0x181C     0x181C   .absSeg74
.abs_section_181d                  1   N/I     0x181D     0x181D   .absSeg75
.abs_section_181e                  1   N/I     0x181E     0x181E   .absSeg76
.abs_section_181f                  1   N/I     0x181F     0x181F   .absSeg77
.abs_section_1820                  1   N/I     0x1820     0x1820   .absSeg78
.abs_section_1821                  1   N/I     0x1821     0x1821   .absSeg79
.abs_section_1823                  1   N/I     0x1823     0x1823   .absSeg80
.abs_section_1824                  1   N/I     0x1824     0x1824   .absSeg81
.abs_section_1825                  1   N/I     0x1825     0x1825   .absSeg82
.abs_section_1826                  1   N/I     0x1826     0x1826   .absSeg83
.abs_section_1830                  1   N/I     0x1830     0x1830   .absSeg84
.abs_section_1831                  1   N/I     0x1831     0x1831   .absSeg85
.abs_section_1832                  1   N/I     0x1832     0x1832   .absSeg86
.abs_section_1840                  1   N/I     0x1840     0x1840   .absSeg87
.abs_section_1841                  1   N/I     0x1841     0x1841   .absSeg88
.abs_section_1842                  1   N/I     0x1842     0x1842   .absSeg89
.abs_section_1844                  1   N/I     0x1844     0x1844   .absSeg90
.abs_section_1845                  1   N/I     0x1845     0x1845   .absSeg91
.abs_section_1846                  1   N/I     0x1846     0x1846   .absSeg92
.abs_section_1848                  1   N/I     0x1848     0x1848   .absSeg93
.abs_section_1849                  1   N/I     0x1849     0x1849   .absSeg94
.abs_section_184a                  1   N/I     0x184A     0x184A   .absSeg95
.abs_section_184c                  1   N/I     0x184C     0x184C   .absSeg96
.abs_section_184d                  1   N/I     0x184D     0x184D   .absSeg97
.abs_section_184e                  1   N/I     0x184E     0x184E   .absSeg98
.abs_section_1850                  1   N/I     0x1850     0x1850   .absSeg99
.abs_section_1851                  1   N/I     0x1851     0x1851   .absSeg100
.abs_section_1852                  1   N/I     0x1852     0x1852   .absSeg101
.abs_section_1872                  1   N/I     0x1872     0x1872   .absSeg102
.abs_section_1873                  1   N/I     0x1873     0x1873   .absSeg103
.abs_section_1874                  1   N/I     0x1874     0x1874   .absSeg104
.abs_section_1875                  1   N/I     0x1875     0x1875   .absSeg105
.abs_section_1876                  1   N/I     0x1876     0x1876   .absSeg106
.abs_section_1877                  1   N/I     0x1877     0x1877   .absSeg107
.abs_section_12                    2   N/I       0x12       0x13   .absSeg108
.abs_section_14                    2   N/I       0x14       0x15   .absSeg109
.abs_section_20                    2   N/I       0x20       0x21   .absSeg110
.abs_section_41                    2   N/I       0x41       0x42   .absSeg111
.abs_section_43                    2   N/I       0x43       0x44   .absSeg112
.abs_section_46                    2   N/I       0x46       0x47   .absSeg113
.abs_section_49                    2   N/I       0x49       0x4A   .absSeg114
.abs_section_4c                    2   N/I       0x4C       0x4D   .absSeg115
.abs_section_51                    2   N/I       0x51       0x52   .absSeg116
.abs_section_53                    2   N/I       0x53       0x54   .absSeg117
.abs_section_56                    2   N/I       0x56       0x57   .absSeg118
.abs_section_59                    2   N/I       0x59       0x5A   .absSeg119
.abs_section_5c                    2   N/I       0x5C       0x5D   .absSeg120
.abs_section_61                    2   N/I       0x61       0x62   .absSeg121
.abs_section_63                    2   N/I       0x63       0x64   .absSeg122
.abs_section_66                    2   N/I       0x66       0x67   .absSeg123
.abs_section_69                    2   N/I       0x69       0x6A   .absSeg124
.abs_section_6c                    2   N/I       0x6C       0x6D   .absSeg125
.abs_section_6f                    2   N/I       0x6F       0x70   .absSeg126
.abs_section_72                    2   N/I       0x72       0x73   .absSeg127
.abs_section_75                    2   N/I       0x75       0x76   .absSeg128
.abs_section_1806                  2   N/I     0x1806     0x1807   .absSeg129
.abs_section_1810                  2   N/I     0x1810     0x1811   .absSeg130
.abs_section_1812                  2   N/I     0x1812     0x1813   .absSeg131
.abs_section_1814                  2   N/I     0x1814     0x1815   .absSeg132
.abs_section_1816                  2   N/I     0x1816     0x1817   .absSeg133
.abs_section_1870                  2   N/I     0x1870     0x1871   .absSeg134
.abs_section_ffc0                 64     R     0xFFC0     0xFFFF   .absSeg135
.bss                              13   R/W       0xA0       0xAC   RAM
.startData                        14     R     0xC09A     0xC0A7   ROM
.init                            154     R     0xC000     0xC099   ROM
.common                           37   R/W       0xAD       0xD1   RAM
.stack                           128   R/W       0xD2      0x151   RAM
.copy                              2     R     0xCF10     0xCF11   ROM

Summary of section sizes per section type:
READ_ONLY (R):         F54 (dec:     3924)
READ_WRITE (R/W):       B2 (dec:      178)
NO_INIT (N/I):          A0 (dec:      160)

*********************************************************************************************
VECTOR-ALLOCATION SECTION
    Address     InitValue   InitFunction
---------------------------------------------------------------------------------------------

*********************************************************************************************
OBJECT-ALLOCATION SECTION
     Name               Module                 Addr   hSize   dSize     Ref    Section   RLIB
---------------------------------------------------------------------------------------------
MODULE:                 -- MPU6050_c.obj --
- PROCEDURES:
     mpu6050_get_device                        C0A8      29      41       1   .text       
     mpu6050_init                              C0D1      29      41       1   .text       
     mpu6050_get_acceleration                  C0FA      BB     187       1   .text       
     mpu6050_get_gyro                          C1B5      BB     187       1   .text       
     mpu6050_get_temp                          C270      58      88       1   .text       
     MPU6050_read                              C2C8      40      64      15   .text       
     MPU6050_write                             C308      22      34       3   .text       
     mpu6050_update                            C32A      14      20       1   .text       
     forme_value                               C33E      16      22       7   .text       
- VARIABLES:
     dummy                                       A0       1       1       6   .bss        
     value                                       AD       2       2       3   .common     
MODULE:                 -- Spi_c.obj --
- PROCEDURES:
     spi_init                                  C354      69     105       1   .text       
- VARIABLES:
MODULE:                 -- Uart_c.obj --
- PROCEDURES:
     isr_uart_rx                               C3BD      32      50       1   .text       
     uart_init                                 C3EF      7F     127       1   .text       
     init_buffer_uart                          C46E      80     128       1   .text       
     uart_send                                 C4EE      51      81       1   .text       
- VARIABLES:
     uart_isr                                    AF       D      13      10   .common     
MODULE:                 -- main_c.obj --
- PROCEDURES:
     ISR_IMU                                   C53F       B      11       1   .text       
     main                                      C54A      56      86       1   .text       
- VARIABLES:
     STRING.MPU6050..1                         CF07       9       9       1   .rodata1    
     mpu6050                                     BC      13      19       2   .common     
MODULE:                 -- start08_c.obj --
- PROCEDURES:
     loadByte                                  C5A0       E      14       5   .text       
     Init                                      C5AE      71     113       1   .text       
     _Startup                                  C61F       9       9       1   .text       
- VARIABLES:
     _startupData                              C09A       6       6       4   .startData  
- LABELS:
     __SEG_END_SSTACK                           152       0       0       1               
MODULE:                 -- CI2C1_c.obj --
- PROCEDURES:
     MainComm                                  C628     147     327       7   .text       
     CI2C1_SendBlock                           C76F      50      80       2   .text       
     CI2C1_RecvBlock                           C7BF      51      81       1   .text       
     CI2C1_SelectSlave                         C810       C      12       3   .text       
     CI2C1_Init                                C81C      15      21       1   .text       
- VARIABLES:
     CI2C1_SlaveAddr                             A1       1       1       4   .bss        
     InpLenM                                     A2       2       2      10   .bss        
     InpPtrM                                     A4       2       2       3   .bss        
     OutLenM                                     A6       2       2       5   .bss        
     OutPtrM                                     A8       2       2       3   .bss        
     PtrSndRcv                                   AA       2       2       5   .bss        
     CI2C1_SerFlag                               AC       1       1       7   .bss        
     CI2C1_SndRcvTemp                            CF       2       2       3   .common     
MODULE:                 -- Cpu_c.obj --
- PROCEDURES:
     Cpu_Interrupt                             C000       4       4      29   .init       
     _EntryPoint                               C004      4D      77       1   .init       
     PE_low_level_init                         C051      49      73       1   .init       
- VARIABLES:
     NVPROT_INIT                               FFBD       1       1       0   .abs_section_ffbd
     NVOPT_INIT                                FFBF       1       1       0   .abs_section_ffbf
     CCR_lock                                    D1       1       1       1   .common     
MODULE:                 -- IO_Map_c.obj --
- PROCEDURES:
- VARIABLES:
     _PTAD                                        0       1       1       0   .abs_section_0
     _PTADD                                       1       1       1       3   .abs_section_1
     _PTBD                                        2       1       1       0   .abs_section_2
     _PTBDD                                       3       1       1       0   .abs_section_3
     _PTCD                                        4       1       1       2   .abs_section_4
     _PTCDD                                       5       1       1       2   .abs_section_5
     _PTDD                                        6       1       1       0   .abs_section_6
     _PTDDD                                       7       1       1       2   .abs_section_7
     _PTED                                        8       1       1       0   .abs_section_8
     _PTEDD                                       9       1       1       1   .abs_section_9
     _KBI1SC                                      C       1       1       0   .abs_section_c
     _KBI1PE                                      D       1       1       0   .abs_section_d
     _KBI1ES                                      E       1       1       0   .abs_section_e
     _IRQSC                                       F       1       1       0   .abs_section_f
     _ADCSC1                                     10       1       1       0   .abs_section_10
     _ADCSC2                                     11       1       1       0   .abs_section_11
     _ADCCFG                                     16       1       1       0   .abs_section_16
     _APCTL1                                     17       1       1       0   .abs_section_17
     _APCTL2                                     18       1       1       0   .abs_section_18
     _ACMP1SC                                    1A       1       1       0   .abs_section_1a
     _ACMP2SC                                    1B       1       1       0   .abs_section_1b
     _SCI1C1                                     22       1       1       4   .abs_section_22
     _SCI1C2                                     23       1       1       5   .abs_section_23
     _SCI1S1                                     24       1       1       2   .abs_section_24
     _SCI1S2                                     25       1       1       0   .abs_section_25
     _SCI1C3                                     26       1       1       0   .abs_section_26
     _SCI1D                                      27       1       1       2   .abs_section_27
     _SPIC1                                      28       1       1      12   .abs_section_28
     _SPIC2                                      29       1       1       2   .abs_section_29
     _SPIBR                                      2A       1       1       1   .abs_section_2a
     _SPIS                                       2B       1       1       0   .abs_section_2b
     _SPID                                       2D       1       1       0   .abs_section_2d
     _IICA                                       30       1       1       0   .abs_section_30
     _IICF                                       31       1       1       1   .abs_section_31
     _IICC1                                      32       1       1      23   .abs_section_32
     _IICS                                       33       1       1       6   .abs_section_33
     _IICD                                       34       1       1       5   .abs_section_34
     _IICC2                                      35       1       1       0   .abs_section_35
     _ICSC1                                      38       1       1       1   .abs_section_38
     _ICSC2                                      39       1       1       1   .abs_section_39
     _ICSTRM                                     3A       1       1       1   .abs_section_3a
     _ICSSC                                      3B       1       1       4   .abs_section_3b
     _KBI2SC                                     3C       1       1       0   .abs_section_3c
     _KBI2PE                                     3D       1       1       0   .abs_section_3d
     _KBI2ES                                     3E       1       1       0   .abs_section_3e
     _TPM1SC                                     40       1       1       0   .abs_section_40
     _TPM1C0SC                                   45       1       1       1   .abs_section_45
     _TPM1C1SC                                   48       1       1       0   .abs_section_48
     _TPM1C2SC                                   4B       1       1       0   .abs_section_4b
     _TPM2SC                                     50       1       1       0   .abs_section_50
     _TPM2C0SC                                   55       1       1       0   .abs_section_55
     _TPM2C1SC                                   58       1       1       0   .abs_section_58
     _TPM2C2SC                                   5B       1       1       0   .abs_section_5b
     _TPM3SC                                     60       1       1       0   .abs_section_60
     _TPM3C0SC                                   65       1       1       0   .abs_section_65
     _TPM3C1SC                                   68       1       1       0   .abs_section_68
     _TPM3C2SC                                   6B       1       1       0   .abs_section_6b
     _TPM3C3SC                                   6E       1       1       0   .abs_section_6e
     _TPM3C4SC                                   71       1       1       0   .abs_section_71
     _TPM3C5SC                                   74       1       1       0   .abs_section_74
     _SRS                                      1800       1       1       0   .abs_section_1800
     _SBDFR                                    1801       1       1       0   .abs_section_1801
     _SOPT1                                    1802       1       1       1   .abs_section_1802
     _SOPT2                                    1803       1       1       1   .abs_section_1803
     _SPMSC1                                   1808       1       1       1   .abs_section_1808
     _SPMSC2                                   1809       1       1       1   .abs_section_1809
     _SPMSC3                                   180B       1       1       2   .abs_section_180b
     _SCGC1                                    180E       1       1       1   .abs_section_180e
     _SCGC2                                    180F       1       1       1   .abs_section_180f
     _DBGCAX                                   1818       1       1       0   .abs_section_1818
     _DBGCBX                                   1819       1       1       0   .abs_section_1819
     _DBGCCX                                   181A       1       1       0   .abs_section_181a
     _DBGC                                     181C       1       1       0   .abs_section_181c
     _DBGT                                     181D       1       1       0   .abs_section_181d
     _DBGS                                     181E       1       1       0   .abs_section_181e
     _DBGCNT                                   181F       1       1       0   .abs_section_181f
     _FCDIV                                    1820       1       1       0   .abs_section_1820
     _FOPT                                     1821       1       1       0   .abs_section_1821
     _FCNFG                                    1823       1       1       0   .abs_section_1823
     _FPROT                                    1824       1       1       0   .abs_section_1824
     _FSTAT                                    1825       1       1       0   .abs_section_1825
     _FCMD                                     1826       1       1       0   .abs_section_1826
     _RTCSC                                    1830       1       1       0   .abs_section_1830
     _RTCCNT                                   1831       1       1       0   .abs_section_1831
     _RTCMOD                                   1832       1       1       0   .abs_section_1832
     _PTAPE                                    1840       1       1       0   .abs_section_1840
     _PTASE                                    1841       1       1       2   .abs_section_1841
     _PTADS                                    1842       1       1       1   .abs_section_1842
     _PTBPE                                    1844       1       1       2   .abs_section_1844
     _PTBSE                                    1845       1       1       1   .abs_section_1845
     _PTBDS                                    1846       1       1       1   .abs_section_1846
     _PTCPE                                    1848       1       1       0   .abs_section_1848
     _PTCSE                                    1849       1       1       1   .abs_section_1849
     _PTCDS                                    184A       1       1       1   .abs_section_184a
     _PTDPE                                    184C       1       1       0   .abs_section_184c
     _PTDSE                                    184D       1       1       2   .abs_section_184d
     _PTDDS                                    184E       1       1       1   .abs_section_184e
     _PTEPE                                    1850       1       1       0   .abs_section_1850
     _PTESE                                    1851       1       1       0   .abs_section_1851
     _PTEDS                                    1852       1       1       0   .abs_section_1852
     _SCI2C1                                   1872       1       1       0   .abs_section_1872
     _SCI2C2                                   1873       1       1       0   .abs_section_1873
     _SCI2S1                                   1874       1       1       0   .abs_section_1874
     _SCI2S2                                   1875       1       1       0   .abs_section_1875
     _SCI2C3                                   1876       1       1       0   .abs_section_1876
     _SCI2D                                    1877       1       1       0   .abs_section_1877
     _ADCR                                       12       2       2       0   .abs_section_12
     _ADCCV                                      14       2       2       0   .abs_section_14
     _SCI1BD                                     20       2       2       1   .abs_section_20
     _TPM1CNT                                    41       2       2       0   .abs_section_41
     _TPM1MOD                                    43       2       2       0   .abs_section_43
     _TPM1C0V                                    46       2       2       0   .abs_section_46
     _TPM1C1V                                    49       2       2       0   .abs_section_49
     _TPM1C2V                                    4C       2       2       0   .abs_section_4c
     _TPM2CNT                                    51       2       2       0   .abs_section_51
     _TPM2MOD                                    53       2       2       0   .abs_section_53
     _TPM2C0V                                    56       2       2       0   .abs_section_56
     _TPM2C1V                                    59       2       2       0   .abs_section_59
     _TPM2C2V                                    5C       2       2       0   .abs_section_5c
     _TPM3CNT                                    61       2       2       0   .abs_section_61
     _TPM3MOD                                    63       2       2       0   .abs_section_63
     _TPM3C0V                                    66       2       2       0   .abs_section_66
     _TPM3C1V                                    69       2       2       0   .abs_section_69
     _TPM3C2V                                    6C       2       2       0   .abs_section_6c
     _TPM3C3V                                    6F       2       2       0   .abs_section_6f
     _TPM3C4V                                    72       2       2       0   .abs_section_72
     _TPM3C5V                                    75       2       2       0   .abs_section_75
     _SDID                                     1806       2       2       0   .abs_section_1806
     _DBGCA                                    1810       2       2       0   .abs_section_1810
     _DBGCB                                    1812       2       2       0   .abs_section_1812
     _DBGCC                                    1814       2       2       0   .abs_section_1814
     _DBGF                                     1816       2       2       0   .abs_section_1816
     _SCI2BD                                   1870       2       2       0   .abs_section_1870
MODULE:                 -- Vectors_c.obj --
- PROCEDURES:
- VARIABLES:
     _vect                                     FFC0      40      64       0   .abs_section_ffc0
MODULE:                 -- rtshc08.o (ansifs.lib) --
- PROCEDURES:
     _PUSH_ARGS_L                              C831      20      32       2   .text       
     _ENTER_UNARY_L                            C851      29      41       3   .text       
     _ENTER_BINARY_L_RC                        C87A      19      25       3   .text       
     _ENTER_BINARY_L_LC                        C893      1A      26       1   .text       
     _IDIVMOD                                  C8AD      69     105       1   .text       
     _SPLITSIGN                                C916      1C      28       1   .text       
     _NEG_L_HX                                 C932      13      19       2   .text       
     _IDIVS_STAR08                             C945      1B      27       6   .text       
     _ICMP                                     C960      16      22       2   .text       
     _POP32                                    C976      1A      26       1   .text       
     _SEXT16_32                                C990       D      13       1   .text       
     F_CLRK                                    C99D       6       6       3   .text       
     F_CLRK_Unary                              C9A3       6       6       1   .text       
     F_NANK                                    C9A9       6       6       3   .text       
     F_INFK                                    C9AF       6       6       3   .text       
     F_TLK                                     C9B5      1E      30       2   .text       
     F_XGKL                                    C9D3      48      72       1   .text       
     _UNPACK_k_to_K                            CA1B      58      88       3   .text       
     _UNPACK_k_to_K_Unary                      CA73      58      88       1   .text       
     _UNPACK_j_to_L                            CACB      58      88       3   .text       
     _PACK_K_to_k                              CB23      63      99       3   .text       
     _PACK_K_to_k_Unary                        CB86      4F      79       2   .text       
     F_NORMK                                   CBD5      43      67       3   .text       
     _FADD_K_is_K_plus_L                       CC18      AD     173       1   .text       
     _FMUL_K_is_K_times_L                      CCC5      88     136       1   .text       
     _FDIV_K_is_L_div_K                        CD4D      B5     181       1   .text       
     _F_LONGK                                  CE02      5A      90       1   .text       
     _F_FLOATK                                 CE5C      2E      46       3   .text       
     _FADD_Common                              CE8A       F      15       1   .text       
     _FMUL_Common                              CE99       F      15       1   .text       
     _FDIV_Common                              CEA8       F      15       2   .text       
     _FADD_RC                                  CEB7       7       7       2   .text       
     _FMUL_RC                                  CEBE       7       7       1   .text       
     _FDIV_RC                                  CEC5       7       7       1   .text       
     _FDIV_LC                                  CECC       7       7       1   .text       
     _FSTRUNC                                  CED3       B      11       1   .text       
     _FSFLOAT                                  CEDE      1E      30       1   .text       
     _FUFLOAT                                  CEFC       B      11       1   .text       
- VARIABLES:

*********************************************************************************************
MODULE STATISTIC
  Name                                      Data   Code  Const
---------------------------------------------------------------------------------------------
  MPU6050_c.obj                                3    684      0
  Spi_c.obj                                    0    105      0
  Uart_c.obj                                  13    386      0
  main_c.obj                                  19     97      9
  start08_c.obj                                0    136      0
  CI2C1_c.obj                                 14    521      0
  Cpu_c.obj                                    1    154      2
  IO_Map_c.obj                               160      0      0
  Vectors_c.obj                                0      0     64
  rtshc08.o (ansifs.lib)                       0   1750      0
  other                                      128     14      2

*********************************************************************************************
SECTION USE IN OBJECT-ALLOCATION SECTION
---------------------------------------------------------------------------------------------
SECTION: ".text"
  mpu6050_get_device mpu6050_init mpu6050_get_acceleration mpu6050_get_gyro 
  mpu6050_get_temp MPU6050_read MPU6050_write mpu6050_update forme_value 
  spi_init isr_uart_rx uart_init init_buffer_uart uart_send ISR_IMU main 
  loadByte Init _Startup MainComm CI2C1_SendBlock CI2C1_RecvBlock 
  CI2C1_SelectSlave CI2C1_Init _PUSH_ARGS_L _ENTER_UNARY_L _ENTER_BINARY_L_RC 
  _ENTER_BINARY_L_LC _IDIVMOD _SPLITSIGN _NEG_L_HX _IDIVS_STAR08 _ICMP _POP32 
  _SEXT16_32 F_CLRK F_CLRK_Unary F_NANK F_INFK F_TLK F_XGKL _UNPACK_k_to_K 
  _UNPACK_k_to_K_Unary _UNPACK_j_to_L _PACK_K_to_k _PACK_K_to_k_Unary F_NORMK 
  _FADD_K_is_K_plus_L _FMUL_K_is_K_times_L _FDIV_K_is_L_div_K _F_LONGK 
  _F_FLOATK _FADD_Common _FMUL_Common _FDIV_Common _FADD_RC _FMUL_RC _FDIV_RC 
  _FDIV_LC _FSTRUNC _FSFLOAT _FUFLOAT 
SECTION: ".bss"
  dummy CI2C1_SlaveAddr InpLenM InpPtrM OutLenM OutPtrM PtrSndRcv 
  CI2C1_SerFlag 
SECTION: ".init"
  Cpu_Interrupt _EntryPoint PE_low_level_init 
SECTION: ".rodata1"
  STRING.MPU6050..1 
SECTION: ".common"
  value uart_isr mpu6050 CI2C1_SndRcvTemp CCR_lock 
SECTION: ".abs_section_ffbd"
  NVPROT_INIT 
SECTION: ".abs_section_ffbf"
  NVOPT_INIT 
SECTION: ".abs_section_0"
  _PTAD 
SECTION: ".abs_section_1"
  _PTADD 
SECTION: ".abs_section_2"
  _PTBD 
SECTION: ".abs_section_3"
  _PTBDD 
SECTION: ".abs_section_4"
  _PTCD 
SECTION: ".abs_section_5"
  _PTCDD 
SECTION: ".abs_section_6"
  _PTDD 
SECTION: ".abs_section_7"
  _PTDDD 
SECTION: ".abs_section_8"
  _PTED 
SECTION: ".abs_section_9"
  _PTEDD 
SECTION: ".abs_section_c"
  _KBI1SC 
SECTION: ".abs_section_d"
  _KBI1PE 
SECTION: ".abs_section_e"
  _KBI1ES 
SECTION: ".abs_section_f"
  _IRQSC 
SECTION: ".abs_section_10"
  _ADCSC1 
SECTION: ".abs_section_11"
  _ADCSC2 
SECTION: ".abs_section_16"
  _ADCCFG 
SECTION: ".abs_section_17"
  _APCTL1 
SECTION: ".abs_section_18"
  _APCTL2 
SECTION: ".abs_section_1a"
  _ACMP1SC 
SECTION: ".abs_section_1b"
  _ACMP2SC 
SECTION: ".abs_section_22"
  _SCI1C1 
SECTION: ".abs_section_23"
  _SCI1C2 
SECTION: ".abs_section_24"
  _SCI1S1 
SECTION: ".abs_section_25"
  _SCI1S2 
SECTION: ".abs_section_26"
  _SCI1C3 
SECTION: ".abs_section_27"
  _SCI1D 
SECTION: ".abs_section_28"
  _SPIC1 
SECTION: ".abs_section_29"
  _SPIC2 
SECTION: ".abs_section_2a"
  _SPIBR 
SECTION: ".abs_section_2b"
  _SPIS 
SECTION: ".abs_section_2d"
  _SPID 
SECTION: ".abs_section_30"
  _IICA 
SECTION: ".abs_section_31"
  _IICF 
SECTION: ".abs_section_32"
  _IICC1 
SECTION: ".abs_section_33"
  _IICS 
SECTION: ".abs_section_34"
  _IICD 
SECTION: ".abs_section_35"
  _IICC2 
SECTION: ".abs_section_38"
  _ICSC1 
SECTION: ".abs_section_39"
  _ICSC2 
SECTION: ".abs_section_3a"
  _ICSTRM 
SECTION: ".abs_section_3b"
  _ICSSC 
SECTION: ".abs_section_3c"
  _KBI2SC 
SECTION: ".abs_section_3d"
  _KBI2PE 
SECTION: ".abs_section_3e"
  _KBI2ES 
SECTION: ".abs_section_40"
  _TPM1SC 
SECTION: ".abs_section_45"
  _TPM1C0SC 
SECTION: ".abs_section_48"
  _TPM1C1SC 
SECTION: ".abs_section_4b"
  _TPM1C2SC 
SECTION: ".abs_section_50"
  _TPM2SC 
SECTION: ".abs_section_55"
  _TPM2C0SC 
SECTION: ".abs_section_58"
  _TPM2C1SC 
SECTION: ".abs_section_5b"
  _TPM2C2SC 
SECTION: ".abs_section_60"
  _TPM3SC 
SECTION: ".abs_section_65"
  _TPM3C0SC 
SECTION: ".abs_section_68"
  _TPM3C1SC 
SECTION: ".abs_section_6b"
  _TPM3C2SC 
SECTION: ".abs_section_6e"
  _TPM3C3SC 
SECTION: ".abs_section_71"
  _TPM3C4SC 
SECTION: ".abs_section_74"
  _TPM3C5SC 
SECTION: ".abs_section_1800"
  _SRS 
SECTION: ".abs_section_1801"
  _SBDFR 
SECTION: ".abs_section_1802"
  _SOPT1 
SECTION: ".abs_section_1803"
  _SOPT2 
SECTION: ".abs_section_1808"
  _SPMSC1 
SECTION: ".abs_section_1809"
  _SPMSC2 
SECTION: ".abs_section_180b"
  _SPMSC3 
SECTION: ".abs_section_180e"
  _SCGC1 
SECTION: ".abs_section_180f"
  _SCGC2 
SECTION: ".abs_section_1818"
  _DBGCAX 
SECTION: ".abs_section_1819"
  _DBGCBX 
SECTION: ".abs_section_181a"
  _DBGCCX 
SECTION: ".abs_section_181c"
  _DBGC 
SECTION: ".abs_section_181d"
  _DBGT 
SECTION: ".abs_section_181e"
  _DBGS 
SECTION: ".abs_section_181f"
  _DBGCNT 
SECTION: ".abs_section_1820"
  _FCDIV 
SECTION: ".abs_section_1821"
  _FOPT 
SECTION: ".abs_section_1823"
  _FCNFG 
SECTION: ".abs_section_1824"
  _FPROT 
SECTION: ".abs_section_1825"
  _FSTAT 
SECTION: ".abs_section_1826"
  _FCMD 
SECTION: ".abs_section_1830"
  _RTCSC 
SECTION: ".abs_section_1831"
  _RTCCNT 
SECTION: ".abs_section_1832"
  _RTCMOD 
SECTION: ".abs_section_1840"
  _PTAPE 
SECTION: ".abs_section_1841"
  _PTASE 
SECTION: ".abs_section_1842"
  _PTADS 
SECTION: ".abs_section_1844"
  _PTBPE 
SECTION: ".abs_section_1845"
  _PTBSE 
SECTION: ".abs_section_1846"
  _PTBDS 
SECTION: ".abs_section_1848"
  _PTCPE 
SECTION: ".abs_section_1849"
  _PTCSE 
SECTION: ".abs_section_184a"
  _PTCDS 
SECTION: ".abs_section_184c"
  _PTDPE 
SECTION: ".abs_section_184d"
  _PTDSE 
SECTION: ".abs_section_184e"
  _PTDDS 
SECTION: ".abs_section_1850"
  _PTEPE 
SECTION: ".abs_section_1851"
  _PTESE 
SECTION: ".abs_section_1852"
  _PTEDS 
SECTION: ".abs_section_1872"
  _SCI2C1 
SECTION: ".abs_section_1873"
  _SCI2C2 
SECTION: ".abs_section_1874"
  _SCI2S1 
SECTION: ".abs_section_1875"
  _SCI2S2 
SECTION: ".abs_section_1876"
  _SCI2C3 
SECTION: ".abs_section_1877"
  _SCI2D 
SECTION: ".abs_section_12"
  _ADCR 
SECTION: ".abs_section_14"
  _ADCCV 
SECTION: ".abs_section_20"
  _SCI1BD 
SECTION: ".abs_section_41"
  _TPM1CNT 
SECTION: ".abs_section_43"
  _TPM1MOD 
SECTION: ".abs_section_46"
  _TPM1C0V 
SECTION: ".abs_section_49"
  _TPM1C1V 
SECTION: ".abs_section_4c"
  _TPM1C2V 
SECTION: ".abs_section_51"
  _TPM2CNT 
SECTION: ".abs_section_53"
  _TPM2MOD 
SECTION: ".abs_section_56"
  _TPM2C0V 
SECTION: ".abs_section_59"
  _TPM2C1V 
SECTION: ".abs_section_5c"
  _TPM2C2V 
SECTION: ".abs_section_61"
  _TPM3CNT 
SECTION: ".abs_section_63"
  _TPM3MOD 
SECTION: ".abs_section_66"
  _TPM3C0V 
SECTION: ".abs_section_69"
  _TPM3C1V 
SECTION: ".abs_section_6c"
  _TPM3C2V 
SECTION: ".abs_section_6f"
  _TPM3C3V 
SECTION: ".abs_section_72"
  _TPM3C4V 
SECTION: ".abs_section_75"
  _TPM3C5V 
SECTION: ".abs_section_1806"
  _SDID 
SECTION: ".abs_section_1810"
  _DBGCA 
SECTION: ".abs_section_1812"
  _DBGCB 
SECTION: ".abs_section_1814"
  _DBGCC 
SECTION: ".abs_section_1816"
  _DBGF 
SECTION: ".abs_section_1870"
  _SCI2BD 
SECTION: ".abs_section_ffc0"
  _vect 

*********************************************************************************************
OBJECT LIST SORTED BY ADDRESS
     Name                                      Addr   hSize   dSize     Ref    Section   RLIB
---------------------------------------------------------------------------------------------
     _PTAD                                        0       1       1       0   .abs_section_0
     _PTADD                                       1       1       1       3   .abs_section_1
     _PTBD                                        2       1       1       0   .abs_section_2
     _PTBDD                                       3       1       1       0   .abs_section_3
     _PTCD                                        4       1       1       2   .abs_section_4
     _PTCDD                                       5       1       1       2   .abs_section_5
     _PTDD                                        6       1       1       0   .abs_section_6
     _PTDDD                                       7       1       1       2   .abs_section_7
     _PTED                                        8       1       1       0   .abs_section_8
     _PTEDD                                       9       1       1       1   .abs_section_9
     _KBI1SC                                      C       1       1       0   .abs_section_c
     _KBI1PE                                      D       1       1       0   .abs_section_d
     _KBI1ES                                      E       1       1       0   .abs_section_e
     _IRQSC                                       F       1       1       0   .abs_section_f
     _ADCSC1                                     10       1       1       0   .abs_section_10
     _ADCSC2                                     11       1       1       0   .abs_section_11
     _ADCR                                       12       2       2       0   .abs_section_12
     _ADCCV                                      14       2       2       0   .abs_section_14
     _ADCCFG                                     16       1       1       0   .abs_section_16
     _APCTL1                                     17       1       1       0   .abs_section_17
     _APCTL2                                     18       1       1       0   .abs_section_18
     _ACMP1SC                                    1A       1       1       0   .abs_section_1a
     _ACMP2SC                                    1B       1       1       0   .abs_section_1b
     _SCI1BD                                     20       2       2       1   .abs_section_20
     _SCI1C1                                     22       1       1       4   .abs_section_22
     _SCI1C2                                     23       1       1       5   .abs_section_23
     _SCI1S1                                     24       1       1       2   .abs_section_24
     _SCI1S2                                     25       1       1       0   .abs_section_25
     _SCI1C3                                     26       1       1       0   .abs_section_26
     _SCI1D                                      27       1       1       2   .abs_section_27
     _SPIC1                                      28       1       1      12   .abs_section_28
     _SPIC2                                      29       1       1       2   .abs_section_29
     _SPIBR                                      2A       1       1       1   .abs_section_2a
     _SPIS                                       2B       1       1       0   .abs_section_2b
     _SPID                                       2D       1       1       0   .abs_section_2d
     _IICA                                       30       1       1       0   .abs_section_30
     _IICF                                       31       1       1       1   .abs_section_31
     _IICC1                                      32       1       1      23   .abs_section_32
     _IICS                                       33       1       1       6   .abs_section_33
     _IICD                                       34       1       1       5   .abs_section_34
     _IICC2                                      35       1       1       0   .abs_section_35
     _ICSC1                                      38       1       1       1   .abs_section_38
     _ICSC2                                      39       1       1       1   .abs_section_39
     _ICSTRM                                     3A       1       1       1   .abs_section_3a
     _ICSSC                                      3B       1       1       4   .abs_section_3b
     _KBI2SC                                     3C       1       1       0   .abs_section_3c
     _KBI2PE                                     3D       1       1       0   .abs_section_3d
     _KBI2ES                                     3E       1       1       0   .abs_section_3e
     _TPM1SC                                     40       1       1       0   .abs_section_40
     _TPM1CNT                                    41       2       2       0   .abs_section_41
     _TPM1MOD                                    43       2       2       0   .abs_section_43
     _TPM1C0SC                                   45       1       1       1   .abs_section_45
     _TPM1C0V                                    46       2       2       0   .abs_section_46
     _TPM1C1SC                                   48       1       1       0   .abs_section_48
     _TPM1C1V                                    49       2       2       0   .abs_section_49
     _TPM1C2SC                                   4B       1       1       0   .abs_section_4b
     _TPM1C2V                                    4C       2       2       0   .abs_section_4c
     _TPM2SC                                     50       1       1       0   .abs_section_50
     _TPM2CNT                                    51       2       2       0   .abs_section_51
     _TPM2MOD                                    53       2       2       0   .abs_section_53
     _TPM2C0SC                                   55       1       1       0   .abs_section_55
     _TPM2C0V                                    56       2       2       0   .abs_section_56
     _TPM2C1SC                                   58       1       1       0   .abs_section_58
     _TPM2C1V                                    59       2       2       0   .abs_section_59
     _TPM2C2SC                                   5B       1       1       0   .abs_section_5b
     _TPM2C2V                                    5C       2       2       0   .abs_section_5c
     _TPM3SC                                     60       1       1       0   .abs_section_60
     _TPM3CNT                                    61       2       2       0   .abs_section_61
     _TPM3MOD                                    63       2       2       0   .abs_section_63
     _TPM3C0SC                                   65       1       1       0   .abs_section_65
     _TPM3C0V                                    66       2       2       0   .abs_section_66
     _TPM3C1SC                                   68       1       1       0   .abs_section_68
     _TPM3C1V                                    69       2       2       0   .abs_section_69
     _TPM3C2SC                                   6B       1       1       0   .abs_section_6b
     _TPM3C2V                                    6C       2       2       0   .abs_section_6c
     _TPM3C3SC                                   6E       1       1       0   .abs_section_6e
     _TPM3C3V                                    6F       2       2       0   .abs_section_6f
     _TPM3C4SC                                   71       1       1       0   .abs_section_71
     _TPM3C4V                                    72       2       2       0   .abs_section_72
     _TPM3C5SC                                   74       1       1       0   .abs_section_74
     _TPM3C5V                                    75       2       2       0   .abs_section_75
     dummy                                       A0       1       1       6   .bss        
     CI2C1_SlaveAddr                             A1       1       1       4   .bss        
     InpLenM                                     A2       2       2      10   .bss        
     InpPtrM                                     A4       2       2       3   .bss        
     OutLenM                                     A6       2       2       5   .bss        
     OutPtrM                                     A8       2       2       3   .bss        
     PtrSndRcv                                   AA       2       2       5   .bss        
     CI2C1_SerFlag                               AC       1       1       7   .bss        
     value                                       AD       2       2       3   .common     
     uart_isr                                    AF       D      13      10   .common     
     mpu6050                                     BC      13      19       2   .common     
     CI2C1_SndRcvTemp                            CF       2       2       3   .common     
     CCR_lock                                    D1       1       1       1   .common     
     _SRS                                      1800       1       1       0   .abs_section_1800
     _SBDFR                                    1801       1       1       0   .abs_section_1801
     _SOPT1                                    1802       1       1       1   .abs_section_1802
     _SOPT2                                    1803       1       1       1   .abs_section_1803
     _SDID                                     1806       2       2       0   .abs_section_1806
     _SPMSC1                                   1808       1       1       1   .abs_section_1808
     _SPMSC2                                   1809       1       1       1   .abs_section_1809
     _SPMSC3                                   180B       1       1       2   .abs_section_180b
     _SCGC1                                    180E       1       1       1   .abs_section_180e
     _SCGC2                                    180F       1       1       1   .abs_section_180f
     _DBGCA                                    1810       2       2       0   .abs_section_1810
     _DBGCB                                    1812       2       2       0   .abs_section_1812
     _DBGCC                                    1814       2       2       0   .abs_section_1814
     _DBGF                                     1816       2       2       0   .abs_section_1816
     _DBGCAX                                   1818       1       1       0   .abs_section_1818
     _DBGCBX                                   1819       1       1       0   .abs_section_1819
     _DBGCCX                                   181A       1       1       0   .abs_section_181a
     _DBGC                                     181C       1       1       0   .abs_section_181c
     _DBGT                                     181D       1       1       0   .abs_section_181d
     _DBGS                                     181E       1       1       0   .abs_section_181e
     _DBGCNT                                   181F       1       1       0   .abs_section_181f
     _FCDIV                                    1820       1       1       0   .abs_section_1820
     _FOPT                                     1821       1       1       0   .abs_section_1821
     _FCNFG                                    1823       1       1       0   .abs_section_1823
     _FPROT                                    1824       1       1       0   .abs_section_1824
     _FSTAT                                    1825       1       1       0   .abs_section_1825
     _FCMD                                     1826       1       1       0   .abs_section_1826
     _RTCSC                                    1830       1       1       0   .abs_section_1830
     _RTCCNT                                   1831       1       1       0   .abs_section_1831
     _RTCMOD                                   1832       1       1       0   .abs_section_1832
     _PTAPE                                    1840       1       1       0   .abs_section_1840
     _PTASE                                    1841       1       1       2   .abs_section_1841
     _PTADS                                    1842       1       1       1   .abs_section_1842
     _PTBPE                                    1844       1       1       2   .abs_section_1844
     _PTBSE                                    1845       1       1       1   .abs_section_1845
     _PTBDS                                    1846       1       1       1   .abs_section_1846
     _PTCPE                                    1848       1       1       0   .abs_section_1848
     _PTCSE                                    1849       1       1       1   .abs_section_1849
     _PTCDS                                    184A       1       1       1   .abs_section_184a
     _PTDPE                                    184C       1       1       0   .abs_section_184c
     _PTDSE                                    184D       1       1       2   .abs_section_184d
     _PTDDS                                    184E       1       1       1   .abs_section_184e
     _PTEPE                                    1850       1       1       0   .abs_section_1850
     _PTESE                                    1851       1       1       0   .abs_section_1851
     _PTEDS                                    1852       1       1       0   .abs_section_1852
     _SCI2BD                                   1870       2       2       0   .abs_section_1870
     _SCI2C1                                   1872       1       1       0   .abs_section_1872
     _SCI2C2                                   1873       1       1       0   .abs_section_1873
     _SCI2S1                                   1874       1       1       0   .abs_section_1874
     _SCI2S2                                   1875       1       1       0   .abs_section_1875
     _SCI2C3                                   1876       1       1       0   .abs_section_1876
     _SCI2D                                    1877       1       1       0   .abs_section_1877
     Cpu_Interrupt                             C000       4       4      29   .init       
     _EntryPoint                               C004      4D      77       1   .init       
     PE_low_level_init                         C051      49      73       1   .init       
     mpu6050_get_device                        C0A8      29      41       1   .text       
     mpu6050_init                              C0D1      29      41       1   .text       
     mpu6050_get_acceleration                  C0FA      BB     187       1   .text       
     mpu6050_get_gyro                          C1B5      BB     187       1   .text       
     mpu6050_get_temp                          C270      58      88       1   .text       
     MPU6050_read                              C2C8      40      64      15   .text       
     MPU6050_write                             C308      22      34       3   .text       
     mpu6050_update                            C32A      14      20       1   .text       
     forme_value                               C33E      16      22       7   .text       
     spi_init                                  C354      69     105       1   .text       
     isr_uart_rx                               C3BD      32      50       1   .text       
     uart_init                                 C3EF      7F     127       1   .text       
     init_buffer_uart                          C46E      80     128       1   .text       
     uart_send                                 C4EE      51      81       1   .text       
     ISR_IMU                                   C53F       B      11       1   .text       
     main                                      C54A      56      86       1   .text       
     loadByte                                  C5A0       E      14       5   .text       
     Init                                      C5AE      71     113       1   .text       
     _Startup                                  C61F       9       9       1   .text       
     MainComm                                  C628     147     327       7   .text       
     CI2C1_SendBlock                           C76F      50      80       2   .text       
     CI2C1_RecvBlock                           C7BF      51      81       1   .text       
     CI2C1_SelectSlave                         C810       C      12       3   .text       
     CI2C1_Init                                C81C      15      21       1   .text       
     _PUSH_ARGS_L                              C831      20      32       2   .text       
     _ENTER_UNARY_L                            C851      29      41       3   .text       
     _ENTER_BINARY_L_RC                        C87A      19      25       3   .text       
     _ENTER_BINARY_L_LC                        C893      1A      26       1   .text       
     _IDIVMOD                                  C8AD      69     105       1   .text       
     _SPLITSIGN                                C916      1C      28       1   .text       
     _NEG_L_HX                                 C932      13      19       2   .text       
     _IDIVS_STAR08                             C945      1B      27       6   .text       
     _ICMP                                     C960      16      22       2   .text       
     _POP32                                    C976      1A      26       1   .text       
     _SEXT16_32                                C990       D      13       1   .text       
     F_CLRK                                    C99D       6       6       3   .text       
     F_CLRK_Unary                              C9A3       6       6       1   .text       
     F_NANK                                    C9A9       6       6       3   .text       
     F_INFK                                    C9AF       6       6       3   .text       
     F_TLK                                     C9B5      1E      30       2   .text       
     F_XGKL                                    C9D3      48      72       1   .text       
     _UNPACK_k_to_K                            CA1B      58      88       3   .text       
     _UNPACK_k_to_K_Unary                      CA73      58      88       1   .text       
     _UNPACK_j_to_L                            CACB      58      88       3   .text       
     _PACK_K_to_k                              CB23      63      99       3   .text       
     _PACK_K_to_k_Unary                        CB86      4F      79       2   .text       
     F_NORMK                                   CBD5      43      67       3   .text       
     _FADD_K_is_K_plus_L                       CC18      AD     173       1   .text       
     _FMUL_K_is_K_times_L                      CCC5      88     136       1   .text       
     _FDIV_K_is_L_div_K                        CD4D      B5     181       1   .text       
     _F_LONGK                                  CE02      5A      90       1   .text       
     _F_FLOATK                                 CE5C      2E      46       3   .text       
     _FADD_Common                              CE8A       F      15       1   .text       
     _FMUL_Common                              CE99       F      15       1   .text       
     _FDIV_Common                              CEA8       F      15       2   .text       
     _FADD_RC                                  CEB7       7       7       2   .text       
     _FMUL_RC                                  CEBE       7       7       1   .text       
     _FDIV_RC                                  CEC5       7       7       1   .text       
     _FDIV_LC                                  CECC       7       7       1   .text       
     _FSTRUNC                                  CED3       B      11       1   .text       
     _FSFLOAT                                  CEDE      1E      30       1   .text       
     _FUFLOAT                                  CEFC       B      11       1   .text       
     STRING.MPU6050..1                         CF07       9       9       1   .rodata1    
     NVPROT_INIT                               FFBD       1       1       0   .abs_section_ffbd
     NVOPT_INIT                                FFBF       1       1       0   .abs_section_ffbf
     _vect                                     FFC0      40      64       0   .abs_section_ffc0

*********************************************************************************************
UNUSED-OBJECTS SECTION
---------------------------------------------------------------------------------------------
NOT USED PROCEDURES
MPU6050_c.obj:
  mpu6050_get_config 
Spi_c.obj:
  init_spi_buffer spi_transfer 
CI2C1_c.obj:
  CI2C1_SendChar 
rtshc08.o (ansifs.lib):
  _PUSH_ARGS_D _ENTER_UNARY_L64 _ENTER_UNARY_L64_4 _ENTER_BINARY_L 
  _ENTER_BINARY_L64 _ENTER_BINARY_L64_LC _ENTER_BINARY_L64_RC 
  _LADD_k_is_k_plus_j _k_is_k_plus_j_l _k_is_k_plus_j_i _LSUB_k_is_k_minus_j 
  _LAND_k_is_k_and_j _LOR_k_is_k_or_j _LXOR_k_is_k_xor_j _LMUL_k_is_k_mul_j 
  _LDIVMOD _ABS_L_HX _SPLITSIGN_L _LMODU_k_is_k_mod_j _LDIVU_k_is_k_div_j 
  _LMODS_k_is_k_mod_j _LDIVS_k_is_k_div_j _LCMP_k_rel_j _CMP24_k_rel_j _BMULS 
  _BDIVS _BMODS _IMUL_STAR08 _IDIVU_STAR08 _IMODS_STAR08 _IMODU_STAR08 _IDIVU_8 
  _IMODU_8 _IASR _ILSR _ILSL _LINC _LDEC _LNEG _LNOT _LADD _LADD_RC _LSUB 
  _LSUB_LC _LSUB_RC _LAND _LAND_RC _LOR _LOR_RC _LXOR _LXOR_RC _LMUL _LMUL_RC 
  _LDIVS _LDIVS_LC _LDIVS_RC _LDIVU _LDIVU_LC _LDIVU_RC _LMODS _LMODS_LC 
  _LMODS_RC _LMODU _LMODU_LC _LMODU_RC _LASR _LLSR _LLSL _LCMP _LCMP_RC 
  _PUSH_ARGS_24 _ENTER_BINARY_24_RC _ENTER_BINARY_24 _CMP24 _CMP24_RC _COPY 
  _COPY_L _POP64 _STORE32 _STORE64 _SEXT8_32 _CALL_STAR08 _CALL_STAR08_FAR 
  _Jump_Table_Addr _Jump_Table_Offset _Jump_Table_Header_Addr 
  _Jump_Table_Header_Offset _Search_Table_16_Addr _Search_Table_16_Offset 
  _Search_Table_8_Addr _Search_Table_8_Offset _PUSH_CC _POP_CC 
  _CONV_FAR_TO_NEAR _CONV_FAR_TO_LINEAR _CONV_LINEAR_TO_FAR _FCMP_k_rel_j 
  _FSUB_Common _FADD _FSUB _FSUB_RC _FSUB_LC _FMUL _FDIV _FUTRUNC _FNEG _FABS 
  _FCMP _FCMP_RC _FINC _FDEC D_TLK D_TKRes D_XGKL D_CLRK D_CLRK_Unary D_NANK 
  D_INFK D_INFK_Unary _DUNPACK_k_to_K _DUNPACK_k_to_K_Unary _DUNPACK_j_to_L 
  _DPACK_K_to_k _DPACK_K_to_k_Unary D_NORMK_Unary D_NORMK _DADD_K_is_K_plus_L 
  _DMUL_K_is_K_times_L _DDIV_K_is_L_div_K _DCMP_k_rel_j _D_FLOATK _D_LONGK 
  _D_FTODK _D_DTOFK _DADD_Common _DSUB_Common _DMUL_Common _DDIV_Common _DADD 
  _DADD_RC _DSUB _DSUB_RC _DSUB_LC _DMUL _DMUL_RC _DDIV _DDIV_LC _DDIV_RC _DCMP 
  _DCMP_RC _DINC _DDEC _DNEG _DABS _DSFLOAT _DUFLOAT _DSTRUNC _DUTRUNC _DSHORT 
  _DLONG 
NOT USED VARIABLES
CI2C1_c.obj:
  ChrTemp 
Cpu_c.obj:
  CCR_reg 
rtshc08.o (ansifs.lib):
  _PowOfTwo_8 _PowOfTwo_16 _PowOfTwo_32 plus1 minus1 plus1d minus1d errno 

*********************************************************************************************
COPYDOWN SECTION
---------------------------------------------------------------------------------------------
------- ROM-ADDRESS: 0xCF10 ---- SIZE       2 ---
Filling bytes inserted
 0000

*********************************************************************************************
OBJECT-DEPENDENCIES SECTION
---------------------------------------------------------------------------------------------
_EntryPoint               USES _SOPT1 _SOPT2 _SPMSC1 _SPMSC2 _SPMSC3 _ICSTRM 
                                _ICSSC _ICSC1 _ICSC2 _Startup 
PE_low_level_init         USES _SCGC1 _SCGC2 _PTADD _PTASE _PTBSE _PTCSE 
                                _PTDSE _PTADS _PTBDS _PTCDS _PTDDS _PTDDD _PTEDD 
                                CI2C1_Init CCR_lock 
mpu6050_get_device        USES MPU6050_read 
mpu6050_init              USES MPU6050_write 
mpu6050_get_acceleration  USES MPU6050_read forme_value _IDIVS_STAR08 
mpu6050_get_gyro          USES MPU6050_read forme_value _IDIVS_STAR08 
mpu6050_get_temp          USES MPU6050_read forme_value _SEXT16_32 _FSFLOAT 
                                _FDIV_RC _FADD_RC _POP32 
MPU6050_read              USES CI2C1_SelectSlave dummy CI2C1_SndRcvTemp 
                                CI2C1_SendBlock CI2C1_RecvBlock 
MPU6050_write             USES CI2C1_SelectSlave dummy CI2C1_SndRcvTemp 
                                CI2C1_SendBlock 
mpu6050_update            USES mpu6050_get_acceleration mpu6050_get_gyro 
                                mpu6050_get_temp 
forme_value               USES value 
spi_init                  USES _SPIBR _SPIC2 _SPIC1 _PTCDD _PTADD _PTBPE _PTCD 
isr_uart_rx               USES _SCI1S1 _SCI1D uart_isr 
uart_init                 USES _FUFLOAT _FMUL_RC _FDIV_LC _FADD_RC _FSTRUNC 
                                _SCI1BD _SCI1C1 _SCI1C2 
init_buffer_uart          USES _ICMP 
uart_send                 USES _SCI1S1 _SCI1D _ICMP 
ISR_IMU                   USES mpu6050 mpu6050_update _TPM1C0SC 
main                      USES STRING.MPU6050..1 PE_low_level_init uart_init 
                                spi_init mpu6050_init mpu6050 mpu6050_get_device 
                                init_buffer_uart uart_send 
Init                      USES _startupData loadByte 
_Startup                  USES __SEG_END_SSTACK Init main 
MainComm                  USES PtrSndRcv MainComm _IICS _IICC1 OutLenM InpLenM 
                                CI2C1_SerFlag OutPtrM _IICD InpPtrM 
CI2C1_SendBlock           USES _IICS InpLenM CI2C1_SerFlag PtrSndRcv OutLenM 
                                OutPtrM _IICC1 CI2C1_SlaveAddr _IICD MainComm 
CI2C1_RecvBlock           USES _IICS InpLenM CI2C1_SerFlag PtrSndRcv InpPtrM 
                                _IICC1 CI2C1_SlaveAddr _IICD MainComm 
CI2C1_SelectSlave         USES _IICC1 CI2C1_SlaveAddr 
CI2C1_Init                USES CI2C1_SerFlag CI2C1_SlaveAddr InpLenM _IICF 
                                _IICC1 
_ENTER_BINARY_L_RC        USES _PUSH_ARGS_L 
_ENTER_BINARY_L_LC        USES _PUSH_ARGS_L 
_SPLITSIGN                USES _IDIVMOD 
_IDIVS_STAR08             USES _SPLITSIGN 
F_NORMK                   USES F_CLRK F_INFK 
_FADD_K_is_K_plus_L       USES F_NANK F_TLK F_XGKL 
_FMUL_K_is_K_times_L      USES F_CLRK F_NANK F_INFK F_TLK 
_FDIV_K_is_L_div_K        USES F_NANK F_INFK F_CLRK 
_F_LONGK                  USES _NEG_L_HX 
_F_FLOATK                 USES F_CLRK_Unary 
_FADD_Common              USES _UNPACK_k_to_K _UNPACK_j_to_L 
                                _FADD_K_is_K_plus_L F_NORMK _PACK_K_to_k 
_FMUL_Common              USES _UNPACK_k_to_K _UNPACK_j_to_L 
                                _FMUL_K_is_K_times_L F_NORMK _PACK_K_to_k 
_FDIV_Common              USES _UNPACK_k_to_K _UNPACK_j_to_L 
                                _FDIV_K_is_L_div_K F_NORMK _PACK_K_to_k 
_FADD_RC                  USES _ENTER_BINARY_L_RC _FADD_Common 
_FMUL_RC                  USES _ENTER_BINARY_L_RC _FMUL_Common 
_FDIV_RC                  USES _ENTER_BINARY_L_LC _FDIV_Common 
_FDIV_LC                  USES _ENTER_BINARY_L_RC _FDIV_Common 
_FSTRUNC                  USES _ENTER_UNARY_L _UNPACK_k_to_K_Unary _F_LONGK 
_FSFLOAT                  USES _ENTER_UNARY_L _F_FLOATK _NEG_L_HX 
                                _PACK_K_to_k_Unary 
_FUFLOAT                  USES _ENTER_UNARY_L _F_FLOATK _PACK_K_to_k_Unary 
_vect                     USES Cpu_Interrupt isr_uart_rx ISR_IMU _EntryPoint 

*********************************************************************************************
DEPENDENCY TREE
*********************************************************************************************
 main and _Startup Group
 | 
 +- main                
 |  | 
 |  +- PE_low_level_init   
 |  |  | 
 |  |  +- CI2C1_Init          
 |  |       
 |  +- uart_init           
 |  |  | 
 |  |  +- _FUFLOAT            
 |  |  |  | 
 |  |  |  +- _ENTER_UNARY_L      
 |  |  |  |    
 |  |  |  +- _F_FLOATK           
 |  |  |  |  | 
 |  |  |  |  +- F_CLRK_Unary        
 |  |  |  |       
 |  |  |  +- _PACK_K_to_k_Unary  
 |  |  |       
 |  |  +- _FMUL_RC            
 |  |  |  | 
 |  |  |  +- _ENTER_BINARY_L_RC  
 |  |  |  |  | 
 |  |  |  |  +- _PUSH_ARGS_L        
 |  |  |  |       
 |  |  |  +- _FMUL_Common        
 |  |  |     | 
 |  |  |     +- _UNPACK_k_to_K      
 |  |  |     |    
 |  |  |     +- _UNPACK_j_to_L      
 |  |  |     |    
 |  |  |     +- _FMUL_K_is_K_times_L
 |  |  |     |  | 
 |  |  |     |  +- F_CLRK              
 |  |  |     |  |    
 |  |  |     |  +- F_NANK              
 |  |  |     |  |    
 |  |  |     |  +- F_INFK              
 |  |  |     |  |    
 |  |  |     |  +- F_TLK               
 |  |  |     |       
 |  |  |     +- F_NORMK             
 |  |  |     |  | 
 |  |  |     |  +- F_CLRK               (see above)
 |  |  |     |  |  
 |  |  |     |  +- F_INFK               (see above)
 |  |  |     |     
 |  |  |     +- _PACK_K_to_k        
 |  |  |          
 |  |  +- _FDIV_LC            
 |  |  |  | 
 |  |  |  +- _ENTER_BINARY_L_RC   (see above)
 |  |  |  |  
 |  |  |  +- _FDIV_Common        
 |  |  |     | 
 |  |  |     +- _UNPACK_k_to_K       (see above)
 |  |  |     |  
 |  |  |     +- _UNPACK_j_to_L       (see above)
 |  |  |     |  
 |  |  |     +- _FDIV_K_is_L_div_K  
 |  |  |     |  | 
 |  |  |     |  +- F_NANK               (see above)
 |  |  |     |  |  
 |  |  |     |  +- F_INFK               (see above)
 |  |  |     |  |  
 |  |  |     |  +- F_CLRK               (see above)
 |  |  |     |     
 |  |  |     +- F_NORMK              (see above)
 |  |  |     |  
 |  |  |     +- _PACK_K_to_k         (see above)
 |  |  |        
 |  |  +- _FADD_RC            
 |  |  |  | 
 |  |  |  +- _ENTER_BINARY_L_RC   (see above)
 |  |  |  |  
 |  |  |  +- _FADD_Common        
 |  |  |     | 
 |  |  |     +- _UNPACK_k_to_K       (see above)
 |  |  |     |  
 |  |  |     +- _UNPACK_j_to_L       (see above)
 |  |  |     |  
 |  |  |     +- _FADD_K_is_K_plus_L 
 |  |  |     |  | 
 |  |  |     |  +- F_NANK               (see above)
 |  |  |     |  |  
 |  |  |     |  +- F_TLK                (see above)
 |  |  |     |  |  
 |  |  |     |  +- F_XGKL              
 |  |  |     |       
 |  |  |     +- F_NORMK              (see above)
 |  |  |     |  
 |  |  |     +- _PACK_K_to_k         (see above)
 |  |  |        
 |  |  +- _FSTRUNC            
 |  |     | 
 |  |     +- _ENTER_UNARY_L       (see above)
 |  |     |  
 |  |     +- _UNPACK_k_to_K_Unary
 |  |     |    
 |  |     +- _F_LONGK            
 |  |        | 
 |  |        +- _NEG_L_HX           
 |  |             
 |  +- spi_init            
 |  |    
 |  +- mpu6050_init        
 |  |  | 
 |  |  +- MPU6050_write       
 |  |     | 
 |  |     +- CI2C1_SelectSlave   
 |  |     |    
 |  |     +- CI2C1_SendBlock     
 |  |        | 
 |  |        +- MainComm            
 |  |             
 |  +- mpu6050_get_device  
 |  |  | 
 |  |  +- MPU6050_read        
 |  |     | 
 |  |     +- CI2C1_SelectSlave    (see above)
 |  |     |  
 |  |     +- CI2C1_SendBlock      (see above)
 |  |     |  
 |  |     +- CI2C1_RecvBlock     
 |  |        | 
 |  |        +- MainComm             (see above)
 |  |           
 |  +- init_buffer_uart    
 |  |  | 
 |  |  +- _ICMP               
 |  |       
 |  +- uart_send           
 |     | 
 |     +- _ICMP                (see above)
 |        
 +- _EntryPoint         
    | 
    +- _Startup            
       | 
       +- Init                
       |  | 
       |  +- loadByte            
       |       
       +- main                 (see above)
          
 _vect               
 | 
 +- Cpu_Interrupt       
 |    
 +- isr_uart_rx         
 |    
 +- ISR_IMU             
 |  | 
 |  +- mpu6050_update      
 |     | 
 |     +- mpu6050_get_acceleration
 |     |  | 
 |     |  +- MPU6050_read         (see above)
 |     |  |  
 |     |  +- forme_value         
 |     |  |    
 |     |  +- _IDIVS_STAR08       
 |     |     | 
 |     |     +- _SPLITSIGN          
 |     |        | 
 |     |        +- _IDIVMOD            
 |     |             
 |     +- mpu6050_get_gyro    
 |     |  | 
 |     |  +- MPU6050_read         (see above)
 |     |  |  
 |     |  +- forme_value          (see above)
 |     |  |  
 |     |  +- _IDIVS_STAR08        (see above)
 |     |     
 |     +- mpu6050_get_temp    
 |        | 
 |        +- MPU6050_read         (see above)
 |        |  
 |        +- forme_value          (see above)
 |        |  
 |        +- _SEXT16_32          
 |        |    
 |        +- _FSFLOAT            
 |        |  | 
 |        |  +- _ENTER_UNARY_L       (see above)
 |        |  |  
 |        |  +- _F_FLOATK            (see above)
 |        |  |  
 |        |  +- _NEG_L_HX            (see above)
 |        |  |  
 |        |  +- _PACK_K_to_k_Unary   (see above)
 |        |     
 |        +- _FDIV_RC            
 |        |  | 
 |        |  +- _ENTER_BINARY_L_LC  
 |        |  |  | 
 |        |  |  +- _PUSH_ARGS_L         (see above)
 |        |  |     
 |        |  +- _FDIV_Common         (see above)
 |        |     
 |        +- _FADD_RC             (see above)
 |        |  
 |        +- _POP32              
 |             
 +- _EntryPoint          (see above)
    
*********************************************************************************************
STATISTIC SECTION
---------------------------------------------------------------------------------------------

ExeFile:
--------
Number of blocks to be downloaded: 8
Total size of all blocks to be downloaded: 3924

